###############################################################################
#
# IAR ELF Linker V2.20.1.176 for STM8                     23/Sep/2016  19:12:46
# Copyright 2010-2015 IAR Systems AB.
#
#    Output file  =  
#        C:\Users\engenharia\Documents\Diego Moreno\Projetos\STM8S\Exemplos de
#        Código\Public\STM8S_pisca_led_timer\EWSTM8\Debug\Exe\pisca_led_timer.out
#    Map file     =  
#        C:\Users\engenharia\Documents\Diego Moreno\Projetos\STM8S\Exemplos de
#        Código\Public\STM8S_pisca_led_timer\EWSTM8\Debug\List\pisca_led_timer.map
#    Command line =  
#        "C:\Users\engenharia\Documents\Diego Moreno\Projetos\STM8S\Exemplos de
#        Código\Public\STM8S_pisca_led_timer\EWSTM8\Debug\Obj\main.o"
#        "C:\Users\engenharia\Documents\Diego Moreno\Projetos\STM8S\Exemplos de
#        Código\Public\STM8S_pisca_led_timer\EWSTM8\Debug\Obj\stm8s_clk.o"
#        "C:\Users\engenharia\Documents\Diego Moreno\Projetos\STM8S\Exemplos de
#        Código\Public\STM8S_pisca_led_timer\EWSTM8\Debug\Obj\stm8s_gpio.o"
#        "C:\Users\engenharia\Documents\Diego Moreno\Projetos\STM8S\Exemplos de
#        Código\Public\STM8S_pisca_led_timer\EWSTM8\Debug\Obj\stm8s_it.o"
#        "C:\Users\engenharia\Documents\Diego Moreno\Projetos\STM8S\Exemplos de
#        Código\Public\STM8S_pisca_led_timer\EWSTM8\Debug\Obj\stm8s_tim1.o"
#        --redirect _Printf=_PrintfFullNoMb --redirect _Scanf=_ScanfFullNoMb -o
#        "C:\Users\engenharia\Documents\Diego Moreno\Projetos\STM8S\Exemplos de
#        Código\Public\STM8S_pisca_led_timer\EWSTM8\Debug\Exe\pisca_led_timer.out"
#        --map "C:\Users\engenharia\Documents\Diego
#        Moreno\Projetos\STM8S\Exemplos de
#        Código\Public\STM8S_pisca_led_timer\EWSTM8\Debug\List\pisca_led_timer.map"
#        --config "C:\Program Files (x86)\IAR Systems\Embedded Workbench
#        7.3\stm8\config\lnkstm8s105c6.icf" --config_def _CSTACK_SIZE=0x100
#        --config_def _HEAP_SIZE=0x100 --entry __iar_program_start --debug_lib
#
###############################################################################

*******************************************************************************
*** RUNTIME MODEL ATTRIBUTES
***

__SystemLibrary            = DLib
__code_model               = small
__core                     = stm8
__data_model               = medium
__dlib_file_descriptor     = 0
__dlib_full_locale_support = 0
__rt_version               = 4


*******************************************************************************
*** PLACEMENT SUMMARY
***

"A1":  place at start of [0x000000-0x0000ff] { rw section .vregs };
"A2":  place at end of [0x000000-0x0007ff] { block CSTACK };
"P2":  place in [from 0x000000 to 0x0007ff] {
          block HEAP, rw section __DLIB_PERTHREAD, rw section .far.bss,
          rw section .far.data, rw section .far.noinit,
          rw section .far_func.textrw, rw section .huge.bss,
          rw section .huge.data, rw section .huge.noinit,
          rw section .huge_func.textrw, rw section .iar.dynexit,
          rw section .near.bss, rw section .near.data, rw section .near.noinit,
          rw section .near_func.textrw };
"A3":  place at start of [0x008000-0x00ffff] { block INTVEC };
"P3":  place in [from 0x008000 to 0x00ffff] {
          ro section __DLIB_PERTHREAD_init, ro section .far.data_init,
          ro section .far_func.textrw_init, ro section .huge.data_init,
          ro section .huge_func.textrw_init, ro section .iar.init_table,
          ro section .init_array, ro section .near.data_init,
          ro section .near.rodata, ro section .near_func.text,
          ro section .near_func.textrw_init, ro section .tiny.data_init,
          ro section .tiny.rodata_init };

  Section          Kind      Address   Size  Object
  -------          ----      -------   ----  ------
"A1":                                   0xc
  .vregs           uninit   0x000000    0xc  vregs.o [4]
                          - 0x00000c    0xc

"P2":                                   0x2
  .near.bss        zero     0x00000c    0x2  main.o [1]
                          - 0x00000e    0x2

"A2":                                 0x100
  CSTACK                    0x000700  0x100  <Block>
    CSTACK         uninit   0x000700  0x100  <Block tail>
                          - 0x000800  0x100

"A3":                                  0x80
  INTVEC                    0x008000   0x80  <Block>
    .intvec        const    0x008000   0x80  interrupt.o [4]
                          - 0x008080   0x80

"P3":                                 0x2be
  .near_func.text  ro code  0x008080   0xaf  stm8s_gpio.o [1]
  .near_func.text  ro code  0x00812f   0x5d  vreg_util.o [4]
  .near_func.text  ro code  0x00818c   0x36  stm8s_clk.o [1]
  .near_func.text  ro code  0x0081c2   0x35  main.o [1]
  .near_func.text  ro code  0x0081f7   0x24  stm8s_tim1.o [1]
  .iar.init_table  const    0x00821b    0x8  - Linker created -
  .near_func.text  ro code  0x008223   0x20  main.o [1]
  .near_func.text  ro code  0x008243   0x1f  stm8s_it.o [1]
  .near_func.text  ro code  0x008262   0x1e  init_small.o [4]
  .near_func.text  ro code  0x008280   0x17  init.o [4]
  .near_func.text  ro code  0x008297   0x14  __dbg_xxexit.o [3]
  .near_func.text  ro code  0x0082ab   0x13  stm8s_clk.o [1]
  .near_func.text  ro code  0x0082be   0x13  stm8s_tim1.o [1]
  .near_func.text  ro code  0x0082d1   0x13  cstartup.o [4]
  .near_func.text  ro code  0x0082e4    0xe  main.o [1]
  .near_func.text  ro code  0x0082f2    0xd  stm8s_tim1.o [1]
  .near_func.text  ro code  0x0082ff    0xd  stm8s_tim1.o [1]
  .near_func.text  ro code  0x00830c    0x7  stm8s_gpio.o [1]
  .near_func.text  ro code  0x008313    0x5  cexit.o [4]
  .near_func.text  ro code  0x008318    0x4  stm8s_gpio.o [1]
  .near_func.text  ro code  0x00831c    0x3  interrupt.o [4]
  .near_func.text  ro code  0x00831f    0x3  low_level_init.o [4]
  .near_func.text  ro code  0x008322    0x3  exit.o [4]
  .near_func.text  ro code  0x008325    0x3  unhandled_exception.o [4]
  .near_func.text  ro code  0x008328    0x1  stm8s_it.o [1]
  .near_func.text  ro code  0x008329    0x1  stm8s_it.o [1]
  .near_func.text  ro code  0x00832a    0x1  stm8s_it.o [1]
  .near_func.text  ro code  0x00832b    0x1  stm8s_it.o [1]
  .near_func.text  ro code  0x00832c    0x1  stm8s_it.o [1]
  .near_func.text  ro code  0x00832d    0x1  stm8s_it.o [1]
  .near_func.text  ro code  0x00832e    0x1  stm8s_it.o [1]
  .near_func.text  ro code  0x00832f    0x1  stm8s_it.o [1]
  .near_func.text  ro code  0x008330    0x1  stm8s_it.o [1]
  .near_func.text  ro code  0x008331    0x1  stm8s_it.o [1]
  .near_func.text  ro code  0x008332    0x1  stm8s_it.o [1]
  .near_func.text  ro code  0x008333    0x1  stm8s_it.o [1]
  .near_func.text  ro code  0x008334    0x1  stm8s_it.o [1]
  .near_func.text  ro code  0x008335    0x1  stm8s_it.o [1]
  .near_func.text  ro code  0x008336    0x1  stm8s_it.o [1]
  .near_func.text  ro code  0x008337    0x1  stm8s_it.o [1]
  .near_func.text  ro code  0x008338    0x1  stm8s_it.o [1]
  .near_func.text  ro code  0x008339    0x1  stm8s_it.o [1]
  .near_func.text  ro code  0x00833a    0x1  stm8s_it.o [1]
  .near_func.text  ro code  0x00833b    0x1  stm8s_it.o [1]
  .near_func.text  ro code  0x00833c    0x1  stm8s_it.o [1]
  .near_func.text  ro code  0x00833d    0x1  __dbg_break.o [3]
                          - 0x00833e  0x2be


*******************************************************************************
*** INIT TABLE
***

          Address   Size
          -------   ----
Zero (__iar_zero_init2)
    1 destination range, total size 0x2:
          0x00000c   0x2



*******************************************************************************
*** MODULE SUMMARY
***

    Module                 ro code  ro data  rw data
    ------                 -------  -------  -------
C:\Users\engenharia\Documents\Diego Moreno\Projetos\STM8S\Exemplos de Código\Public\STM8S_pisca_led_timer\EWSTM8\Debug\Obj: [1]
    main.o                      99                 2
    stm8s_clk.o                 73
    stm8s_gpio.o               186
    stm8s_it.o                  52
    stm8s_tim1.o                81
    ------------------------------------------------
    Total:                     491                 2

command line: [2]
    ------------------------------------------------
    Total:

dbgstm8smd.a: [3]
    __dbg_break.o                1
    __dbg_xxexit.o              20
    ------------------------------------------------
    Total:                      21

dlstm8smn.a: [4]
    cexit.o                      5
    cstartup.o                  19
    exit.o                       3
    init.o                      23
    init_small.o                30
    interrupt.o                  3      128
    low_level_init.o             3
    unhandled_exception.o        3
    vreg_util.o                 93
    vregs.o                                       12
    ------------------------------------------------
    Total:                     182      128       12

    Linker created                        8      256
----------------------------------------------------
    Grand Total:               694      136      270


*******************************************************************************
*** ENTRY LIST
***

Entry                    Address  Size  Type      Object
-----                    -------  ----  ----      ------
.iar.init_table$$Base   0x00821b         --   Gb  - Linker created -
.iar.init_table$$Limit  0x008223         --   Gb  - Linker created -
?b0                     0x000000        Data  Gb  vregs.o [4]
?b1                     0x000001        Data  Gb  vregs.o [4]
?b10                    0x00000a        Data  Gb  vregs.o [4]
?b11                    0x00000b        Data  Gb  vregs.o [4]
?b2                     0x000002        Data  Gb  vregs.o [4]
?b3                     0x000003        Data  Gb  vregs.o [4]
?b4                     0x000004        Data  Gb  vregs.o [4]
?b5                     0x000005        Data  Gb  vregs.o [4]
?b6                     0x000006        Data  Gb  vregs.o [4]
?b7                     0x000007        Data  Gb  vregs.o [4]
?b8                     0x000008        Data  Gb  vregs.o [4]
?b9                     0x000009        Data  Gb  vregs.o [4]
?e0                     0x000001        Data  Gb  vregs.o [4]
?e1                     0x000005        Data  Gb  vregs.o [4]
?e2                     0x000009        Data  Gb  vregs.o [4]
?l0                     0x000000        Data  Gb  vregs.o [4]
?l1                     0x000004        Data  Gb  vregs.o [4]
?l2                     0x000008        Data  Gb  vregs.o [4]
?pop_l0                 0x00816e        Code  Gb  vreg_util.o [4]
?pop_l1                 0x008179        Code  Gb  vreg_util.o [4]
?push_l0                0x008147        Code  Gb  vreg_util.o [4]
?push_l1                0x00814c        Code  Gb  vreg_util.o [4]
?push_w4                0x00812f        Code  Gb  vreg_util.o [4]
?w0                     0x000000        Data  Gb  vregs.o [4]
?w1                     0x000002        Data  Gb  vregs.o [4]
?w2                     0x000004        Data  Gb  vregs.o [4]
?w3                     0x000006        Data  Gb  vregs.o [4]
?w4                     0x000008        Data  Gb  vregs.o [4]
?w5                     0x00000a        Data  Gb  vregs.o [4]
ADC1_IRQHandler         0x00833a   0x1  Code  Gb  stm8s_it.o [1]
AWU_IRQHandler          0x00832a   0x1  Code  Gb  stm8s_it.o [1]
CLK_DeInit              0x00818c  0x36  Code  Gb  stm8s_clk.o [1]
CLK_HSIPrescalerConfig  0x0082ab  0x13  Code  Gb  stm8s_clk.o [1]
CLK_IRQHandler          0x00832b   0x1  Code  Gb  stm8s_it.o [1]
CSTACK$$Base            0x000700         --   Gb  - Linker created -
CSTACK$$Limit           0x000800         --   Gb  - Linker created -
EEPROM_EEC_IRQHandler   0x00833c   0x1  Code  Gb  stm8s_it.o [1]
EXTI_PORTA_IRQHandler   0x00832c   0x1  Code  Gb  stm8s_it.o [1]
EXTI_PORTB_IRQHandler   0x00832d   0x1  Code  Gb  stm8s_it.o [1]
EXTI_PORTC_IRQHandler   0x00832e   0x1  Code  Gb  stm8s_it.o [1]
EXTI_PORTD_IRQHandler   0x00832f   0x1  Code  Gb  stm8s_it.o [1]
EXTI_PORTE_IRQHandler   0x008330   0x1  Code  Gb  stm8s_it.o [1]
GPIO_Init               0x008080  0xaf  Code  Gb  stm8s_gpio.o [1]
GPIO_WriteHigh          0x00830c   0x7  Code  Gb  stm8s_gpio.o [1]
GPIO_WriteLow           0x008318   0x4  Code  Gb  stm8s_gpio.o [1]
I2C_IRQHandler          0x008337   0x1  Code  Gb  stm8s_it.o [1]
INTVEC$$Base            0x008000         --   Gb  - Linker created -
INTVEC$$Limit           0x008080         --   Gb  - Linker created -
Region$$Table$$Base     0x00821b         --   Gb  - Linker created -
Region$$Table$$Limit    0x008223         --   Gb  - Linker created -
SPI_IRQHandler          0x008331   0x1  Code  Gb  stm8s_it.o [1]
TIM1_CAP_COM_IRQHandler
                        0x008332   0x1  Code  Gb  stm8s_it.o [1]
TIM1_ClearFlag          0x0082ff   0xd  Code  Gb  stm8s_tim1.o [1]
TIM1_Cmd                0x0082f2   0xd  Code  Gb  stm8s_tim1.o [1]
TIM1_Config             0x008223  0x20  Code  Lc  main.o [1]
TIM1_ITConfig           0x0082be  0x13  Code  Gb  stm8s_tim1.o [1]
TIM1_TimeBaseInit       0x0081f7  0x24  Code  Gb  stm8s_tim1.o [1]
TIM1_UPD_OVF_TRG_BRK_IRQHandler
                        0x008243  0x1f  Code  Gb  stm8s_it.o [1]
TIM2_CAP_COM_IRQHandler
                        0x008334   0x1  Code  Gb  stm8s_it.o [1]
TIM2_UPD_OVF_BRK_IRQHandler
                        0x008333   0x1  Code  Gb  stm8s_it.o [1]
TIM3_CAP_COM_IRQHandler
                        0x008336   0x1  Code  Gb  stm8s_it.o [1]
TIM3_UPD_OVF_BRK_IRQHandler
                        0x008335   0x1  Code  Gb  stm8s_it.o [1]
TIM4_UPD_OVF_IRQHandler
                        0x00833b   0x1  Code  Gb  stm8s_it.o [1]
TLI_IRQHandler          0x008329   0x1  Code  Gb  stm8s_it.o [1]
TRAP_IRQHandler         0x008328   0x1  Code  Gb  stm8s_it.o [1]
UART2_RX_IRQHandler     0x008339   0x1  Code  Gb  stm8s_it.o [1]
UART2_TX_IRQHandler     0x008338   0x1  Code  Gb  stm8s_it.o [1]
__DebugBreak            0x00833d   0x1  Code  Gb  __dbg_break.o [3]
__exit                  0x008297  0x14  Code  Gb  __dbg_xxexit.o [3]
__iar_data_init2        0x008280  0x17  Code  Gb  init.o [4]
__iar_program_start     0x0082d1        Code  Gb  cstartup.o [4]
__iar_unhandled_exception
                        0x008325        Code  Gb  unhandled_exception.o [4]
__iar_zero_init2        0x008262        Code  Gb  init_small.o [4]
__intvec                0x008000        Data  Gb  interrupt.o [4]
__low_level_init        0x00831f   0x3  Code  Gb  low_level_init.o [4]
_exit                   0x008313        Code  Gb  cexit.o [4]
_interrupt_1            0x008328        Code  Gb  stm8s_it.o [1]
_interrupt_12           0x008331        Code  Gb  stm8s_it.o [1]
_interrupt_13           0x008243        Code  Gb  stm8s_it.o [1]
_interrupt_14           0x008332        Code  Gb  stm8s_it.o [1]
_interrupt_15           0x008333        Code  Gb  stm8s_it.o [1]
_interrupt_16           0x008334        Code  Gb  stm8s_it.o [1]
_interrupt_17           0x008335        Code  Gb  stm8s_it.o [1]
_interrupt_18           0x008336        Code  Gb  stm8s_it.o [1]
_interrupt_2            0x008329        Code  Gb  stm8s_it.o [1]
_interrupt_21           0x008337        Code  Gb  stm8s_it.o [1]
_interrupt_22           0x008338        Code  Gb  stm8s_it.o [1]
_interrupt_23           0x008339        Code  Gb  stm8s_it.o [1]
_interrupt_24           0x00833a        Code  Gb  stm8s_it.o [1]
_interrupt_25           0x00833b        Code  Gb  stm8s_it.o [1]
_interrupt_26           0x00833c        Code  Gb  stm8s_it.o [1]
_interrupt_3            0x00832a        Code  Gb  stm8s_it.o [1]
_interrupt_4            0x00832b        Code  Gb  stm8s_it.o [1]
_interrupt_5            0x00832c        Code  Gb  stm8s_it.o [1]
_interrupt_6            0x00832d        Code  Gb  stm8s_it.o [1]
_interrupt_7            0x00832e        Code  Gb  stm8s_it.o [1]
_interrupt_8            0x00832f        Code  Gb  stm8s_it.o [1]
_interrupt_9            0x008330        Code  Gb  stm8s_it.o [1]
delay                   0x0082e4   0xe  Code  Gb  main.o [1]
exit                    0x008322   0x3  Code  Gb  exit.o [4]
main                    0x0081c2  0x35  Code  Gb  main.o [1]
u16_cnt_ms              0x00000c   0x2  Data  Gb  main.o [1]


[1] = C:\Users\engenharia\Documents\Diego Moreno\Projetos\STM8S\Exemplos de Código\Public\STM8S_pisca_led_timer\EWSTM8\Debug\Obj
[2] = command line
[3] = dbgstm8smd.a
[4] = dlstm8smn.a

  694 bytes of readonly  code memory
  136 bytes of readonly  data memory
  270 bytes of readwrite data memory

Errors: none
Warnings: none
